SNAPSHOT
SNAPSHOT
SNAPSHOT
SET preset 6d616368696e655f6864665f707265
CLICK LOAD
SET speed 34
CLICK START
SNAPSHOT
SNAPSHOT
SNAPSHOT
SNAPSHOT
CLICK PAUSE
SNAPSHOT
SNAPSHOT
SNAPSHOT
SNAPSHOT
CAPTURE compose-paused
CLICK RESUME
SNAPSHOT
SNAPSHOT
SNAPSHOT
SNAPSHOT
SNAPSHOT
SNAPSHOT
SNAPSHOT
SNAPSHOT
SNAPSHOT
SNAPSHOT
SNAPSHOT
SNAPSHOT
SNAPSHOT
SNAPSHOT
SNAPSHOT
SNAPSHOT
SNAPSHOT
SNAPSHOT
SNAPSHOT
SNAPSHOT
SNAPSHOT
SNAPSHOT
SNAPSHOT
SNAPSHOT
SNAPSHOT
SNAPSHOT
SNAPSHOT
SNAPSHOT
SNAPSHOT
SNAPSHOT
SNAPSHOT
SNAPSHOT
SNAPSHOT
SNAPSHOT
SNAPSHOT
SNAPSHOT
SNAPSHOT
SNAPSHOT
SNAPSHOT
SNAPSHOT
SNAPSHOT
SNAPSHOT
SNAPSHOT
SNAPSHOT
SNAPSHOT
SNAPSHOT
SNAPSHOT
SNAPSHOT
SNAPSHOT
SNAPSHOT
SNAPSHOT
SNAPSHOT
SNAPSHOT
SNAPSHOT
SNAPSHOT
SNAPSHOT
SNAPSHOT
SNAPSHOT
SNAPSHOT
SNAPSHOT
SNAPSHOT
SNAPSHOT
SNAPSHOT
SNAPSHOT
SNAPSHOT
SNAPSHOT
SNAPSHOT
SNAPSHOT
SNAPSHOT
SNAPSHOT
SNAPSHOT
SNAPSHOT
SNAPSHOT
SNAPSHOT
SNAPSHOT
SNAPSHOT
SNAPSHOT
SNAPSHOT
SNAPSHOT
SNAPSHOT
SNAPSHOT
SNAPSHOT
SNAPSHOT
SNAPSHOT
SNAPSHOT
SNAPSHOT
SNAPSHOT
SNAPSHOT
SET speed 30
CLICK REPLAY
SNAPSHOT
SNAPSHOT
SNAPSHOT
SNAPSHOT
SNAPSHOT
SNAPSHOT
SNAPSHOT
SNAPSHOT
SNAPSHOT
SNAPSHOT
SNAPSHOT
SNAPSHOT
SNAPSHOT
SNAPSHOT
SNAPSHOT
SNAPSHOT
SNAPSHOT
SNAPSHOT
SNAPSHOT
SNAPSHOT
SNAPSHOT
SNAPSHOT
SNAPSHOT
SNAPSHOT
SNAPSHOT
SNAPSHOT
SNAPSHOT
SNAPSHOT
CLICK COMPARE
CLICK EXPORT
CAPTURE compose-export
QUIT
